Classic Timing Analyzer report for playtone
Sat Mar 16 07:44:29 2024
Quartus II Version 9.1 Build 304 01/25/2010 Service Pack 1 SJ Web Edition


---------------------
; Table of Contents ;
---------------------
  1. Legal Notice
  2. Timing Analyzer Summary
  3. Timing Analyzer Settings
  4. Clock Settings Summary
  5. Parallel Compilation
  6. Clock Setup: 'clk'
  7. tco
  8. Timing Analyzer Messages



----------------
; Legal Notice ;
----------------
Copyright (C) 1991-2010 Altera Corporation
Your use of Altera Corporation's design tools, logic functions 
and other software and tools, and its AMPP partner logic 
functions, and any output files from any of the foregoing 
(including device programming or simulation files), and any 
associated documentation or information are expressly subject 
to the terms and conditions of the Altera Program License 
Subscription Agreement, Altera MegaCore Function License 
Agreement, or other applicable license agreement, including, 
without limitation, that your use is for the sole purpose of 
programming logic devices manufactured by Altera and sold by 
Altera or its authorized distributors.  Please refer to the 
applicable agreement for further details.



+--------------------------------------------------------------------------------------------------------------------------------------------------------------------+
; Timing Analyzer Summary                                                                                                                                            ;
+------------------------------+-------+---------------+----------------------------------+-----------------+-----------------+------------+----------+--------------+
; Type                         ; Slack ; Required Time ; Actual Time                      ; From            ; To              ; From Clock ; To Clock ; Failed Paths ;
+------------------------------+-------+---------------+----------------------------------+-----------------+-----------------+------------+----------+--------------+
; Worst-case tco               ; N/A   ; None          ; 7.000 ns                         ; mode[0]~reg0    ; mode[0]         ; clk        ; --       ; 0            ;
; Clock Setup: 'clk'           ; N/A   ; None          ; 35.84 MHz ( period = 27.900 ns ) ; count_Voice[19] ; count_Voice[16] ; clk        ; clk      ; 0            ;
; Total number of failed paths ;       ;               ;                                  ;                 ;                 ;            ;          ; 0            ;
+------------------------------+-------+---------------+----------------------------------+-----------------+-----------------+------------+----------+--------------+


+-----------------------------------------------------------------------------------------------------------------------------------------------------+
; Timing Analyzer Settings                                                                                                                            ;
+------------------------------------------------------------------------------------------------------+--------------------+------+----+-------------+
; Option                                                                                               ; Setting            ; From ; To ; Entity Name ;
+------------------------------------------------------------------------------------------------------+--------------------+------+----+-------------+
; Device Name                                                                                          ; EPM3064ALC44-10    ;      ;    ;             ;
; Timing Models                                                                                        ; Final              ;      ;    ;             ;
; Default hold multicycle                                                                              ; Same as Multicycle ;      ;    ;             ;
; Cut paths between unrelated clock domains                                                            ; On                 ;      ;    ;             ;
; Cut off read during write signal paths                                                               ; On                 ;      ;    ;             ;
; Cut off feedback from I/O pins                                                                       ; On                 ;      ;    ;             ;
; Report Combined Fast/Slow Timing                                                                     ; Off                ;      ;    ;             ;
; Ignore Clock Settings                                                                                ; Off                ;      ;    ;             ;
; Analyze latches as synchronous elements                                                              ; On                 ;      ;    ;             ;
; Enable Recovery/Removal analysis                                                                     ; Off                ;      ;    ;             ;
; Enable Clock Latency                                                                                 ; Off                ;      ;    ;             ;
; Use TimeQuest Timing Analyzer                                                                        ; Off                ;      ;    ;             ;
; Minimum Core Junction Temperature                                                                    ; 0                  ;      ;    ;             ;
; Maximum Core Junction Temperature                                                                    ; 85                 ;      ;    ;             ;
; Number of source nodes to report per destination node                                                ; 10                 ;      ;    ;             ;
; Number of destination nodes to report                                                                ; 10                 ;      ;    ;             ;
; Number of paths to report                                                                            ; 200                ;      ;    ;             ;
; Report Minimum Timing Checks                                                                         ; Off                ;      ;    ;             ;
; Use Fast Timing Models                                                                               ; Off                ;      ;    ;             ;
; Report IO Paths Separately                                                                           ; Off                ;      ;    ;             ;
; Perform Multicorner Analysis                                                                         ; Off                ;      ;    ;             ;
; Reports the worst-case path for each clock domain and analysis                                       ; Off                ;      ;    ;             ;
; Reports worst-case timing paths for each clock domain and analysis                                   ; On                 ;      ;    ;             ;
; Specifies the maximum number of worst-case timing paths to report for each clock domain and analysis ; 100                ;      ;    ;             ;
; Removes common clock path pessimism (CCPP) during slack computation                                  ; Off                ;      ;    ;             ;
; Output I/O Timing Endpoint                                                                           ; Near End           ;      ;    ;             ;
+------------------------------------------------------------------------------------------------------+--------------------+------+----+-------------+


+------------------------------------------------------------------------------------------------------------------------------------------------------------------------------------+
; Clock Settings Summary                                                                                                                                                             ;
+-----------------+--------------------+----------+------------------+---------------+--------------+----------+-----------------------+---------------------+--------+--------------+
; Clock Node Name ; Clock Setting Name ; Type     ; Fmax Requirement ; Early Latency ; Late Latency ; Based on ; Multiply Base Fmax by ; Divide Base Fmax by ; Offset ; Phase offset ;
+-----------------+--------------------+----------+------------------+---------------+--------------+----------+-----------------------+---------------------+--------+--------------+
; clk             ;                    ; User Pin ; None             ; 0.000 ns      ; 0.000 ns     ; --       ; N/A                   ; N/A                 ; N/A    ;              ;
+-----------------+--------------------+----------+------------------+---------------+--------------+----------+-----------------------+---------------------+--------+--------------+


Parallel compilation was disabled, but you have multiple processors available. Enable parallel compilation to reduce compilation time.
+-------------------------------------+
; Parallel Compilation                ;
+----------------------------+--------+
; Processors                 ; Number ;
+----------------------------+--------+
; Number detected on machine ; 4      ;
; Maximum allowed            ; 1      ;
+----------------------------+--------+


+-----------------------------------------------------------------------------------------------------------------------------------------------------------------------------------------------------------------------------------------------+
; Clock Setup: 'clk'                                                                                                                                                                                                                            ;
+-----------------------------------------+-----------------------------------------------------+-----------------+-----------------+------------+----------+-----------------------------+---------------------------+-------------------------+
; Slack                                   ; Actual fmax (period)                                ; From            ; To              ; From Clock ; To Clock ; Required Setup Relationship ; Required Longest P2P Time ; Actual Longest P2P Time ;
+-----------------------------------------+-----------------------------------------------------+-----------------+-----------------+------------+----------+-----------------------------+---------------------------+-------------------------+
; N/A                                     ; 35.84 MHz ( period = 27.900 ns )                    ; count_Voice[14] ; count_Voice[16] ; clk        ; clk      ; None                        ; None                      ; 23.400 ns               ;
; N/A                                     ; 35.84 MHz ( period = 27.900 ns )                    ; count_Voice[6]  ; count_Voice[16] ; clk        ; clk      ; None                        ; None                      ; 23.400 ns               ;
; N/A                                     ; 35.84 MHz ( period = 27.900 ns )                    ; state_Type[4]   ; count_Voice[16] ; clk        ; clk      ; None                        ; None                      ; 23.400 ns               ;
; N/A                                     ; 35.84 MHz ( period = 27.900 ns )                    ; state_Type[6]   ; count_Voice[16] ; clk        ; clk      ; None                        ; None                      ; 23.400 ns               ;
; N/A                                     ; 35.84 MHz ( period = 27.900 ns )                    ; state_Type[0]   ; count_Voice[16] ; clk        ; clk      ; None                        ; None                      ; 23.400 ns               ;
; N/A                                     ; 35.84 MHz ( period = 27.900 ns )                    ; state_Type[1]   ; count_Voice[16] ; clk        ; clk      ; None                        ; None                      ; 23.400 ns               ;
; N/A                                     ; 35.84 MHz ( period = 27.900 ns )                    ; state_Type[3]   ; count_Voice[16] ; clk        ; clk      ; None                        ; None                      ; 23.400 ns               ;
; N/A                                     ; 35.84 MHz ( period = 27.900 ns )                    ; state_Type[2]   ; count_Voice[16] ; clk        ; clk      ; None                        ; None                      ; 23.400 ns               ;
; N/A                                     ; 35.84 MHz ( period = 27.900 ns )                    ; count_Voice[5]  ; count_Voice[16] ; clk        ; clk      ; None                        ; None                      ; 23.400 ns               ;
; N/A                                     ; 35.84 MHz ( period = 27.900 ns )                    ; count_Voice[4]  ; count_Voice[16] ; clk        ; clk      ; None                        ; None                      ; 23.400 ns               ;
; N/A                                     ; 35.84 MHz ( period = 27.900 ns )                    ; count_Voice[3]  ; count_Voice[16] ; clk        ; clk      ; None                        ; None                      ; 23.400 ns               ;
; N/A                                     ; 35.84 MHz ( period = 27.900 ns )                    ; count_Voice[2]  ; count_Voice[16] ; clk        ; clk      ; None                        ; None                      ; 23.400 ns               ;
; N/A                                     ; 35.84 MHz ( period = 27.900 ns )                    ; count_Voice[1]  ; count_Voice[16] ; clk        ; clk      ; None                        ; None                      ; 23.400 ns               ;
; N/A                                     ; 35.84 MHz ( period = 27.900 ns )                    ; count_Voice[0]  ; count_Voice[16] ; clk        ; clk      ; None                        ; None                      ; 23.400 ns               ;
; N/A                                     ; 35.84 MHz ( period = 27.900 ns )                    ; count_Voice[10] ; count_Voice[16] ; clk        ; clk      ; None                        ; None                      ; 23.400 ns               ;
; N/A                                     ; 35.84 MHz ( period = 27.900 ns )                    ; state_Type[5]   ; count_Voice[16] ; clk        ; clk      ; None                        ; None                      ; 23.400 ns               ;
; N/A                                     ; 35.84 MHz ( period = 27.900 ns )                    ; count_Voice[7]  ; count_Voice[16] ; clk        ; clk      ; None                        ; None                      ; 23.400 ns               ;
; N/A                                     ; 35.84 MHz ( period = 27.900 ns )                    ; count_Voice[9]  ; count_Voice[16] ; clk        ; clk      ; None                        ; None                      ; 23.400 ns               ;
; N/A                                     ; 35.84 MHz ( period = 27.900 ns )                    ; count_Voice[8]  ; count_Voice[16] ; clk        ; clk      ; None                        ; None                      ; 23.400 ns               ;
; N/A                                     ; 35.84 MHz ( period = 27.900 ns )                    ; count_Voice[12] ; count_Voice[16] ; clk        ; clk      ; None                        ; None                      ; 23.400 ns               ;
; N/A                                     ; 35.84 MHz ( period = 27.900 ns )                    ; count_Voice[17] ; count_Voice[16] ; clk        ; clk      ; None                        ; None                      ; 23.400 ns               ;
; N/A                                     ; 35.84 MHz ( period = 27.900 ns )                    ; count_Voice[13] ; count_Voice[16] ; clk        ; clk      ; None                        ; None                      ; 23.400 ns               ;
; N/A                                     ; 35.84 MHz ( period = 27.900 ns )                    ; count_Voice[21] ; count_Voice[16] ; clk        ; clk      ; None                        ; None                      ; 23.400 ns               ;
; N/A                                     ; 35.84 MHz ( period = 27.900 ns )                    ; count_Voice[20] ; count_Voice[16] ; clk        ; clk      ; None                        ; None                      ; 23.400 ns               ;
; N/A                                     ; 35.84 MHz ( period = 27.900 ns )                    ; count_Voice[16] ; count_Voice[16] ; clk        ; clk      ; None                        ; None                      ; 23.400 ns               ;
; N/A                                     ; 35.84 MHz ( period = 27.900 ns )                    ; count_Voice[11] ; count_Voice[16] ; clk        ; clk      ; None                        ; None                      ; 23.400 ns               ;
; N/A                                     ; 35.84 MHz ( period = 27.900 ns )                    ; count_Voice[18] ; count_Voice[16] ; clk        ; clk      ; None                        ; None                      ; 23.400 ns               ;
; N/A                                     ; 35.84 MHz ( period = 27.900 ns )                    ; count_Voice[15] ; count_Voice[16] ; clk        ; clk      ; None                        ; None                      ; 23.400 ns               ;
; N/A                                     ; 35.84 MHz ( period = 27.900 ns )                    ; count_Voice[19] ; count_Voice[16] ; clk        ; clk      ; None                        ; None                      ; 23.400 ns               ;
; N/A                                     ; 41.67 MHz ( period = 24.000 ns )                    ; count_Voice[14] ; count_Voice[21] ; clk        ; clk      ; None                        ; None                      ; 19.500 ns               ;
; N/A                                     ; 41.67 MHz ( period = 24.000 ns )                    ; count_Voice[6]  ; count_Voice[21] ; clk        ; clk      ; None                        ; None                      ; 19.500 ns               ;
; N/A                                     ; 41.67 MHz ( period = 24.000 ns )                    ; state_Type[4]   ; count_Voice[21] ; clk        ; clk      ; None                        ; None                      ; 19.500 ns               ;
; N/A                                     ; 41.67 MHz ( period = 24.000 ns )                    ; state_Type[6]   ; count_Voice[21] ; clk        ; clk      ; None                        ; None                      ; 19.500 ns               ;
; N/A                                     ; 41.67 MHz ( period = 24.000 ns )                    ; state_Type[0]   ; count_Voice[21] ; clk        ; clk      ; None                        ; None                      ; 19.500 ns               ;
; N/A                                     ; 41.67 MHz ( period = 24.000 ns )                    ; state_Type[1]   ; count_Voice[21] ; clk        ; clk      ; None                        ; None                      ; 19.500 ns               ;
; N/A                                     ; 41.67 MHz ( period = 24.000 ns )                    ; state_Type[3]   ; count_Voice[21] ; clk        ; clk      ; None                        ; None                      ; 19.500 ns               ;
; N/A                                     ; 41.67 MHz ( period = 24.000 ns )                    ; state_Type[2]   ; count_Voice[21] ; clk        ; clk      ; None                        ; None                      ; 19.500 ns               ;
; N/A                                     ; 41.67 MHz ( period = 24.000 ns )                    ; count_Voice[5]  ; count_Voice[21] ; clk        ; clk      ; None                        ; None                      ; 19.500 ns               ;
; N/A                                     ; 41.67 MHz ( period = 24.000 ns )                    ; count_Voice[4]  ; count_Voice[21] ; clk        ; clk      ; None                        ; None                      ; 19.500 ns               ;
; N/A                                     ; 41.67 MHz ( period = 24.000 ns )                    ; count_Voice[3]  ; count_Voice[21] ; clk        ; clk      ; None                        ; None                      ; 19.500 ns               ;
; N/A                                     ; 41.67 MHz ( period = 24.000 ns )                    ; count_Voice[2]  ; count_Voice[21] ; clk        ; clk      ; None                        ; None                      ; 19.500 ns               ;
; N/A                                     ; 41.67 MHz ( period = 24.000 ns )                    ; count_Voice[1]  ; count_Voice[21] ; clk        ; clk      ; None                        ; None                      ; 19.500 ns               ;
; N/A                                     ; 41.67 MHz ( period = 24.000 ns )                    ; count_Voice[0]  ; count_Voice[21] ; clk        ; clk      ; None                        ; None                      ; 19.500 ns               ;
; N/A                                     ; 41.67 MHz ( period = 24.000 ns )                    ; count_Voice[10] ; count_Voice[21] ; clk        ; clk      ; None                        ; None                      ; 19.500 ns               ;
; N/A                                     ; 41.67 MHz ( period = 24.000 ns )                    ; state_Type[5]   ; count_Voice[21] ; clk        ; clk      ; None                        ; None                      ; 19.500 ns               ;
; N/A                                     ; 41.67 MHz ( period = 24.000 ns )                    ; count_Voice[7]  ; count_Voice[21] ; clk        ; clk      ; None                        ; None                      ; 19.500 ns               ;
; N/A                                     ; 41.67 MHz ( period = 24.000 ns )                    ; count_Voice[9]  ; count_Voice[21] ; clk        ; clk      ; None                        ; None                      ; 19.500 ns               ;
; N/A                                     ; 41.67 MHz ( period = 24.000 ns )                    ; count_Voice[8]  ; count_Voice[21] ; clk        ; clk      ; None                        ; None                      ; 19.500 ns               ;
; N/A                                     ; 41.67 MHz ( period = 24.000 ns )                    ; count_Voice[12] ; count_Voice[21] ; clk        ; clk      ; None                        ; None                      ; 19.500 ns               ;
; N/A                                     ; 41.67 MHz ( period = 24.000 ns )                    ; count_Voice[17] ; count_Voice[21] ; clk        ; clk      ; None                        ; None                      ; 19.500 ns               ;
; N/A                                     ; 41.67 MHz ( period = 24.000 ns )                    ; count_Voice[13] ; count_Voice[21] ; clk        ; clk      ; None                        ; None                      ; 19.500 ns               ;
; N/A                                     ; 41.67 MHz ( period = 24.000 ns )                    ; count_Voice[21] ; count_Voice[21] ; clk        ; clk      ; None                        ; None                      ; 19.500 ns               ;
; N/A                                     ; 41.67 MHz ( period = 24.000 ns )                    ; count_Voice[20] ; count_Voice[21] ; clk        ; clk      ; None                        ; None                      ; 19.500 ns               ;
; N/A                                     ; 41.67 MHz ( period = 24.000 ns )                    ; count_Voice[16] ; count_Voice[21] ; clk        ; clk      ; None                        ; None                      ; 19.500 ns               ;
; N/A                                     ; 41.67 MHz ( period = 24.000 ns )                    ; count_Voice[11] ; count_Voice[21] ; clk        ; clk      ; None                        ; None                      ; 19.500 ns               ;
; N/A                                     ; 41.67 MHz ( period = 24.000 ns )                    ; count_Voice[18] ; count_Voice[21] ; clk        ; clk      ; None                        ; None                      ; 19.500 ns               ;
; N/A                                     ; 41.67 MHz ( period = 24.000 ns )                    ; count_Voice[15] ; count_Voice[21] ; clk        ; clk      ; None                        ; None                      ; 19.500 ns               ;
; N/A                                     ; 41.67 MHz ( period = 24.000 ns )                    ; count_Voice[19] ; count_Voice[21] ; clk        ; clk      ; None                        ; None                      ; 19.500 ns               ;
; N/A                                     ; 47.39 MHz ( period = 21.100 ns )                    ; count_Voice[14] ; count_Voice[9]  ; clk        ; clk      ; None                        ; None                      ; 16.600 ns               ;
; N/A                                     ; 47.39 MHz ( period = 21.100 ns )                    ; count_Voice[6]  ; count_Voice[9]  ; clk        ; clk      ; None                        ; None                      ; 16.600 ns               ;
; N/A                                     ; 47.39 MHz ( period = 21.100 ns )                    ; state_Type[4]   ; count_Voice[9]  ; clk        ; clk      ; None                        ; None                      ; 16.600 ns               ;
; N/A                                     ; 47.39 MHz ( period = 21.100 ns )                    ; state_Type[6]   ; count_Voice[9]  ; clk        ; clk      ; None                        ; None                      ; 16.600 ns               ;
; N/A                                     ; 47.39 MHz ( period = 21.100 ns )                    ; state_Type[0]   ; count_Voice[9]  ; clk        ; clk      ; None                        ; None                      ; 16.600 ns               ;
; N/A                                     ; 47.39 MHz ( period = 21.100 ns )                    ; state_Type[1]   ; count_Voice[9]  ; clk        ; clk      ; None                        ; None                      ; 16.600 ns               ;
; N/A                                     ; 47.39 MHz ( period = 21.100 ns )                    ; state_Type[3]   ; count_Voice[9]  ; clk        ; clk      ; None                        ; None                      ; 16.600 ns               ;
; N/A                                     ; 47.39 MHz ( period = 21.100 ns )                    ; state_Type[2]   ; count_Voice[9]  ; clk        ; clk      ; None                        ; None                      ; 16.600 ns               ;
; N/A                                     ; 47.39 MHz ( period = 21.100 ns )                    ; count_Voice[5]  ; count_Voice[9]  ; clk        ; clk      ; None                        ; None                      ; 16.600 ns               ;
; N/A                                     ; 47.39 MHz ( period = 21.100 ns )                    ; count_Voice[4]  ; count_Voice[9]  ; clk        ; clk      ; None                        ; None                      ; 16.600 ns               ;
; N/A                                     ; 47.39 MHz ( period = 21.100 ns )                    ; count_Voice[3]  ; count_Voice[9]  ; clk        ; clk      ; None                        ; None                      ; 16.600 ns               ;
; N/A                                     ; 47.39 MHz ( period = 21.100 ns )                    ; count_Voice[2]  ; count_Voice[9]  ; clk        ; clk      ; None                        ; None                      ; 16.600 ns               ;
; N/A                                     ; 47.39 MHz ( period = 21.100 ns )                    ; count_Voice[1]  ; count_Voice[9]  ; clk        ; clk      ; None                        ; None                      ; 16.600 ns               ;
; N/A                                     ; 47.39 MHz ( period = 21.100 ns )                    ; count_Voice[0]  ; count_Voice[9]  ; clk        ; clk      ; None                        ; None                      ; 16.600 ns               ;
; N/A                                     ; 47.39 MHz ( period = 21.100 ns )                    ; count_Voice[10] ; count_Voice[9]  ; clk        ; clk      ; None                        ; None                      ; 16.600 ns               ;
; N/A                                     ; 47.39 MHz ( period = 21.100 ns )                    ; state_Type[5]   ; count_Voice[9]  ; clk        ; clk      ; None                        ; None                      ; 16.600 ns               ;
; N/A                                     ; 47.39 MHz ( period = 21.100 ns )                    ; count_Voice[7]  ; count_Voice[9]  ; clk        ; clk      ; None                        ; None                      ; 16.600 ns               ;
; N/A                                     ; 47.39 MHz ( period = 21.100 ns )                    ; count_Voice[9]  ; count_Voice[9]  ; clk        ; clk      ; None                        ; None                      ; 16.600 ns               ;
; N/A                                     ; 47.39 MHz ( period = 21.100 ns )                    ; count_Voice[8]  ; count_Voice[9]  ; clk        ; clk      ; None                        ; None                      ; 16.600 ns               ;
; N/A                                     ; 47.39 MHz ( period = 21.100 ns )                    ; count_Voice[12] ; count_Voice[9]  ; clk        ; clk      ; None                        ; None                      ; 16.600 ns               ;
; N/A                                     ; 47.39 MHz ( period = 21.100 ns )                    ; count_Voice[17] ; count_Voice[9]  ; clk        ; clk      ; None                        ; None                      ; 16.600 ns               ;
; N/A                                     ; 47.39 MHz ( period = 21.100 ns )                    ; count_Voice[13] ; count_Voice[9]  ; clk        ; clk      ; None                        ; None                      ; 16.600 ns               ;
; N/A                                     ; 47.39 MHz ( period = 21.100 ns )                    ; count_Voice[21] ; count_Voice[9]  ; clk        ; clk      ; None                        ; None                      ; 16.600 ns               ;
; N/A                                     ; 47.39 MHz ( period = 21.100 ns )                    ; count_Voice[20] ; count_Voice[9]  ; clk        ; clk      ; None                        ; None                      ; 16.600 ns               ;
; N/A                                     ; 47.39 MHz ( period = 21.100 ns )                    ; count_Voice[16] ; count_Voice[9]  ; clk        ; clk      ; None                        ; None                      ; 16.600 ns               ;
; N/A                                     ; 47.39 MHz ( period = 21.100 ns )                    ; count_Voice[11] ; count_Voice[9]  ; clk        ; clk      ; None                        ; None                      ; 16.600 ns               ;
; N/A                                     ; 47.39 MHz ( period = 21.100 ns )                    ; count_Voice[18] ; count_Voice[9]  ; clk        ; clk      ; None                        ; None                      ; 16.600 ns               ;
; N/A                                     ; 47.39 MHz ( period = 21.100 ns )                    ; count_Voice[15] ; count_Voice[9]  ; clk        ; clk      ; None                        ; None                      ; 16.600 ns               ;
; N/A                                     ; 47.39 MHz ( period = 21.100 ns )                    ; count_Voice[19] ; count_Voice[9]  ; clk        ; clk      ; None                        ; None                      ; 16.600 ns               ;
; N/A                                     ; 47.39 MHz ( period = 21.100 ns )                    ; count_Voice[14] ; count_Voice[17] ; clk        ; clk      ; None                        ; None                      ; 16.600 ns               ;
; N/A                                     ; 47.39 MHz ( period = 21.100 ns )                    ; count_Voice[6]  ; count_Voice[17] ; clk        ; clk      ; None                        ; None                      ; 16.600 ns               ;
; N/A                                     ; 47.39 MHz ( period = 21.100 ns )                    ; state_Type[4]   ; count_Voice[17] ; clk        ; clk      ; None                        ; None                      ; 16.600 ns               ;
; N/A                                     ; 47.39 MHz ( period = 21.100 ns )                    ; state_Type[6]   ; count_Voice[17] ; clk        ; clk      ; None                        ; None                      ; 16.600 ns               ;
; N/A                                     ; 47.39 MHz ( period = 21.100 ns )                    ; state_Type[0]   ; count_Voice[17] ; clk        ; clk      ; None                        ; None                      ; 16.600 ns               ;
; N/A                                     ; 47.39 MHz ( period = 21.100 ns )                    ; state_Type[1]   ; count_Voice[17] ; clk        ; clk      ; None                        ; None                      ; 16.600 ns               ;
; N/A                                     ; 47.39 MHz ( period = 21.100 ns )                    ; state_Type[3]   ; count_Voice[17] ; clk        ; clk      ; None                        ; None                      ; 16.600 ns               ;
; N/A                                     ; 47.39 MHz ( period = 21.100 ns )                    ; state_Type[2]   ; count_Voice[17] ; clk        ; clk      ; None                        ; None                      ; 16.600 ns               ;
; N/A                                     ; 47.39 MHz ( period = 21.100 ns )                    ; count_Voice[5]  ; count_Voice[17] ; clk        ; clk      ; None                        ; None                      ; 16.600 ns               ;
; N/A                                     ; 47.39 MHz ( period = 21.100 ns )                    ; count_Voice[4]  ; count_Voice[17] ; clk        ; clk      ; None                        ; None                      ; 16.600 ns               ;
; N/A                                     ; 47.39 MHz ( period = 21.100 ns )                    ; count_Voice[3]  ; count_Voice[17] ; clk        ; clk      ; None                        ; None                      ; 16.600 ns               ;
; N/A                                     ; 47.39 MHz ( period = 21.100 ns )                    ; count_Voice[2]  ; count_Voice[17] ; clk        ; clk      ; None                        ; None                      ; 16.600 ns               ;
; N/A                                     ; 47.39 MHz ( period = 21.100 ns )                    ; count_Voice[1]  ; count_Voice[17] ; clk        ; clk      ; None                        ; None                      ; 16.600 ns               ;
; N/A                                     ; 47.39 MHz ( period = 21.100 ns )                    ; count_Voice[0]  ; count_Voice[17] ; clk        ; clk      ; None                        ; None                      ; 16.600 ns               ;
; N/A                                     ; 47.39 MHz ( period = 21.100 ns )                    ; count_Voice[10] ; count_Voice[17] ; clk        ; clk      ; None                        ; None                      ; 16.600 ns               ;
; N/A                                     ; 47.39 MHz ( period = 21.100 ns )                    ; state_Type[5]   ; count_Voice[17] ; clk        ; clk      ; None                        ; None                      ; 16.600 ns               ;
; N/A                                     ; 47.39 MHz ( period = 21.100 ns )                    ; count_Voice[7]  ; count_Voice[17] ; clk        ; clk      ; None                        ; None                      ; 16.600 ns               ;
; N/A                                     ; 47.39 MHz ( period = 21.100 ns )                    ; count_Voice[9]  ; count_Voice[17] ; clk        ; clk      ; None                        ; None                      ; 16.600 ns               ;
; N/A                                     ; 47.39 MHz ( period = 21.100 ns )                    ; count_Voice[8]  ; count_Voice[17] ; clk        ; clk      ; None                        ; None                      ; 16.600 ns               ;
; N/A                                     ; 47.39 MHz ( period = 21.100 ns )                    ; count_Voice[12] ; count_Voice[17] ; clk        ; clk      ; None                        ; None                      ; 16.600 ns               ;
; N/A                                     ; 47.39 MHz ( period = 21.100 ns )                    ; count_Voice[17] ; count_Voice[17] ; clk        ; clk      ; None                        ; None                      ; 16.600 ns               ;
; N/A                                     ; 47.39 MHz ( period = 21.100 ns )                    ; count_Voice[13] ; count_Voice[17] ; clk        ; clk      ; None                        ; None                      ; 16.600 ns               ;
; N/A                                     ; 47.39 MHz ( period = 21.100 ns )                    ; count_Voice[21] ; count_Voice[17] ; clk        ; clk      ; None                        ; None                      ; 16.600 ns               ;
; N/A                                     ; 47.39 MHz ( period = 21.100 ns )                    ; count_Voice[20] ; count_Voice[17] ; clk        ; clk      ; None                        ; None                      ; 16.600 ns               ;
; N/A                                     ; 47.39 MHz ( period = 21.100 ns )                    ; count_Voice[16] ; count_Voice[17] ; clk        ; clk      ; None                        ; None                      ; 16.600 ns               ;
; N/A                                     ; 47.39 MHz ( period = 21.100 ns )                    ; count_Voice[11] ; count_Voice[17] ; clk        ; clk      ; None                        ; None                      ; 16.600 ns               ;
; N/A                                     ; 47.39 MHz ( period = 21.100 ns )                    ; count_Voice[18] ; count_Voice[17] ; clk        ; clk      ; None                        ; None                      ; 16.600 ns               ;
; N/A                                     ; 47.39 MHz ( period = 21.100 ns )                    ; count_Voice[15] ; count_Voice[17] ; clk        ; clk      ; None                        ; None                      ; 16.600 ns               ;
; N/A                                     ; 47.39 MHz ( period = 21.100 ns )                    ; count_Voice[19] ; count_Voice[17] ; clk        ; clk      ; None                        ; None                      ; 16.600 ns               ;
; N/A                                     ; 47.62 MHz ( period = 21.000 ns )                    ; needDelay       ; count_Voice[16] ; clk        ; clk      ; None                        ; None                      ; 16.500 ns               ;
; N/A                                     ; 50.51 MHz ( period = 19.800 ns )                    ; needDelay       ; count_Voice[7]  ; clk        ; clk      ; None                        ; None                      ; 15.300 ns               ;
; N/A                                     ; 50.51 MHz ( period = 19.800 ns )                    ; count_Voice[6]  ; count_Voice[7]  ; clk        ; clk      ; None                        ; None                      ; 15.300 ns               ;
; N/A                                     ; 50.51 MHz ( period = 19.800 ns )                    ; state_Type[4]   ; count_Voice[7]  ; clk        ; clk      ; None                        ; None                      ; 15.300 ns               ;
; N/A                                     ; 50.51 MHz ( period = 19.800 ns )                    ; state_Type[6]   ; count_Voice[7]  ; clk        ; clk      ; None                        ; None                      ; 15.300 ns               ;
; N/A                                     ; 50.51 MHz ( period = 19.800 ns )                    ; state_Type[0]   ; count_Voice[7]  ; clk        ; clk      ; None                        ; None                      ; 15.300 ns               ;
; N/A                                     ; 50.51 MHz ( period = 19.800 ns )                    ; state_Type[1]   ; count_Voice[7]  ; clk        ; clk      ; None                        ; None                      ; 15.300 ns               ;
; N/A                                     ; 50.51 MHz ( period = 19.800 ns )                    ; state_Type[3]   ; count_Voice[7]  ; clk        ; clk      ; None                        ; None                      ; 15.300 ns               ;
; N/A                                     ; 50.51 MHz ( period = 19.800 ns )                    ; state_Type[2]   ; count_Voice[7]  ; clk        ; clk      ; None                        ; None                      ; 15.300 ns               ;
; N/A                                     ; 50.51 MHz ( period = 19.800 ns )                    ; count_Voice[5]  ; count_Voice[7]  ; clk        ; clk      ; None                        ; None                      ; 15.300 ns               ;
; N/A                                     ; 50.51 MHz ( period = 19.800 ns )                    ; count_Voice[4]  ; count_Voice[7]  ; clk        ; clk      ; None                        ; None                      ; 15.300 ns               ;
; N/A                                     ; 50.51 MHz ( period = 19.800 ns )                    ; count_Voice[3]  ; count_Voice[7]  ; clk        ; clk      ; None                        ; None                      ; 15.300 ns               ;
; N/A                                     ; 50.51 MHz ( period = 19.800 ns )                    ; count_Voice[2]  ; count_Voice[7]  ; clk        ; clk      ; None                        ; None                      ; 15.300 ns               ;
; N/A                                     ; 50.51 MHz ( period = 19.800 ns )                    ; count_Voice[1]  ; count_Voice[7]  ; clk        ; clk      ; None                        ; None                      ; 15.300 ns               ;
; N/A                                     ; 50.51 MHz ( period = 19.800 ns )                    ; count_Voice[0]  ; count_Voice[7]  ; clk        ; clk      ; None                        ; None                      ; 15.300 ns               ;
; N/A                                     ; 50.51 MHz ( period = 19.800 ns )                    ; state_Type[5]   ; count_Voice[7]  ; clk        ; clk      ; None                        ; None                      ; 15.300 ns               ;
; N/A                                     ; 50.51 MHz ( period = 19.800 ns )                    ; count_Voice[7]  ; count_Voice[7]  ; clk        ; clk      ; None                        ; None                      ; 15.300 ns               ;
; N/A                                     ; 52.63 MHz ( period = 19.000 ns )                    ; count_Voice[14] ; count_Voice[6]  ; clk        ; clk      ; None                        ; None                      ; 14.500 ns               ;
; N/A                                     ; 52.63 MHz ( period = 19.000 ns )                    ; count_Voice[6]  ; count_Voice[6]  ; clk        ; clk      ; None                        ; None                      ; 14.500 ns               ;
; N/A                                     ; 52.63 MHz ( period = 19.000 ns )                    ; state_Type[4]   ; count_Voice[6]  ; clk        ; clk      ; None                        ; None                      ; 14.500 ns               ;
; N/A                                     ; 52.63 MHz ( period = 19.000 ns )                    ; state_Type[6]   ; count_Voice[6]  ; clk        ; clk      ; None                        ; None                      ; 14.500 ns               ;
; N/A                                     ; 52.63 MHz ( period = 19.000 ns )                    ; state_Type[0]   ; count_Voice[6]  ; clk        ; clk      ; None                        ; None                      ; 14.500 ns               ;
; N/A                                     ; 52.63 MHz ( period = 19.000 ns )                    ; state_Type[1]   ; count_Voice[6]  ; clk        ; clk      ; None                        ; None                      ; 14.500 ns               ;
; N/A                                     ; 52.63 MHz ( period = 19.000 ns )                    ; state_Type[3]   ; count_Voice[6]  ; clk        ; clk      ; None                        ; None                      ; 14.500 ns               ;
; N/A                                     ; 52.63 MHz ( period = 19.000 ns )                    ; state_Type[2]   ; count_Voice[6]  ; clk        ; clk      ; None                        ; None                      ; 14.500 ns               ;
; N/A                                     ; 52.63 MHz ( period = 19.000 ns )                    ; count_Voice[5]  ; count_Voice[6]  ; clk        ; clk      ; None                        ; None                      ; 14.500 ns               ;
; N/A                                     ; 52.63 MHz ( period = 19.000 ns )                    ; count_Voice[4]  ; count_Voice[6]  ; clk        ; clk      ; None                        ; None                      ; 14.500 ns               ;
; N/A                                     ; 52.63 MHz ( period = 19.000 ns )                    ; count_Voice[3]  ; count_Voice[6]  ; clk        ; clk      ; None                        ; None                      ; 14.500 ns               ;
; N/A                                     ; 52.63 MHz ( period = 19.000 ns )                    ; count_Voice[2]  ; count_Voice[6]  ; clk        ; clk      ; None                        ; None                      ; 14.500 ns               ;
; N/A                                     ; 52.63 MHz ( period = 19.000 ns )                    ; count_Voice[1]  ; count_Voice[6]  ; clk        ; clk      ; None                        ; None                      ; 14.500 ns               ;
; N/A                                     ; 52.63 MHz ( period = 19.000 ns )                    ; count_Voice[0]  ; count_Voice[6]  ; clk        ; clk      ; None                        ; None                      ; 14.500 ns               ;
; N/A                                     ; 52.63 MHz ( period = 19.000 ns )                    ; count_Voice[10] ; count_Voice[6]  ; clk        ; clk      ; None                        ; None                      ; 14.500 ns               ;
; N/A                                     ; 52.63 MHz ( period = 19.000 ns )                    ; state_Type[5]   ; count_Voice[6]  ; clk        ; clk      ; None                        ; None                      ; 14.500 ns               ;
; N/A                                     ; 52.63 MHz ( period = 19.000 ns )                    ; count_Voice[7]  ; count_Voice[6]  ; clk        ; clk      ; None                        ; None                      ; 14.500 ns               ;
; N/A                                     ; 52.63 MHz ( period = 19.000 ns )                    ; count_Voice[9]  ; count_Voice[6]  ; clk        ; clk      ; None                        ; None                      ; 14.500 ns               ;
; N/A                                     ; 52.63 MHz ( period = 19.000 ns )                    ; count_Voice[8]  ; count_Voice[6]  ; clk        ; clk      ; None                        ; None                      ; 14.500 ns               ;
; N/A                                     ; 52.63 MHz ( period = 19.000 ns )                    ; count_Voice[12] ; count_Voice[6]  ; clk        ; clk      ; None                        ; None                      ; 14.500 ns               ;
; N/A                                     ; 52.63 MHz ( period = 19.000 ns )                    ; count_Voice[17] ; count_Voice[6]  ; clk        ; clk      ; None                        ; None                      ; 14.500 ns               ;
; N/A                                     ; 52.63 MHz ( period = 19.000 ns )                    ; count_Voice[13] ; count_Voice[6]  ; clk        ; clk      ; None                        ; None                      ; 14.500 ns               ;
; N/A                                     ; 52.63 MHz ( period = 19.000 ns )                    ; count_Voice[21] ; count_Voice[6]  ; clk        ; clk      ; None                        ; None                      ; 14.500 ns               ;
; N/A                                     ; 52.63 MHz ( period = 19.000 ns )                    ; count_Voice[20] ; count_Voice[6]  ; clk        ; clk      ; None                        ; None                      ; 14.500 ns               ;
; N/A                                     ; 52.63 MHz ( period = 19.000 ns )                    ; count_Voice[16] ; count_Voice[6]  ; clk        ; clk      ; None                        ; None                      ; 14.500 ns               ;
; N/A                                     ; 52.63 MHz ( period = 19.000 ns )                    ; count_Voice[11] ; count_Voice[6]  ; clk        ; clk      ; None                        ; None                      ; 14.500 ns               ;
; N/A                                     ; 52.63 MHz ( period = 19.000 ns )                    ; count_Voice[18] ; count_Voice[6]  ; clk        ; clk      ; None                        ; None                      ; 14.500 ns               ;
; N/A                                     ; 52.63 MHz ( period = 19.000 ns )                    ; count_Voice[15] ; count_Voice[6]  ; clk        ; clk      ; None                        ; None                      ; 14.500 ns               ;
; N/A                                     ; 52.63 MHz ( period = 19.000 ns )                    ; count_Voice[19] ; count_Voice[6]  ; clk        ; clk      ; None                        ; None                      ; 14.500 ns               ;
; N/A                                     ; 52.91 MHz ( period = 18.900 ns )                    ; count_Voice[14] ; count_Voice[7]  ; clk        ; clk      ; None                        ; None                      ; 14.400 ns               ;
; N/A                                     ; 52.91 MHz ( period = 18.900 ns )                    ; count_Voice[10] ; count_Voice[7]  ; clk        ; clk      ; None                        ; None                      ; 14.400 ns               ;
; N/A                                     ; 52.91 MHz ( period = 18.900 ns )                    ; count_Voice[8]  ; count_Voice[7]  ; clk        ; clk      ; None                        ; None                      ; 14.400 ns               ;
; N/A                                     ; 52.91 MHz ( period = 18.900 ns )                    ; count_Voice[12] ; count_Voice[7]  ; clk        ; clk      ; None                        ; None                      ; 14.400 ns               ;
; N/A                                     ; 52.91 MHz ( period = 18.900 ns )                    ; count_Voice[11] ; count_Voice[7]  ; clk        ; clk      ; None                        ; None                      ; 14.400 ns               ;
; N/A                                     ; 55.56 MHz ( period = 18.000 ns )                    ; count_Voice[17] ; count_Voice[7]  ; clk        ; clk      ; None                        ; None                      ; 13.500 ns               ;
; N/A                                     ; 55.56 MHz ( period = 18.000 ns )                    ; count_Voice[21] ; count_Voice[7]  ; clk        ; clk      ; None                        ; None                      ; 13.500 ns               ;
; N/A                                     ; 55.56 MHz ( period = 18.000 ns )                    ; count_Voice[20] ; count_Voice[7]  ; clk        ; clk      ; None                        ; None                      ; 13.500 ns               ;
; N/A                                     ; 55.56 MHz ( period = 18.000 ns )                    ; count_Voice[18] ; count_Voice[7]  ; clk        ; clk      ; None                        ; None                      ; 13.500 ns               ;
; N/A                                     ; 55.56 MHz ( period = 18.000 ns )                    ; count_Voice[19] ; count_Voice[7]  ; clk        ; clk      ; None                        ; None                      ; 13.500 ns               ;
; N/A                                     ; 55.56 MHz ( period = 18.000 ns )                    ; count_Voice[14] ; count_Voice[20] ; clk        ; clk      ; None                        ; None                      ; 13.500 ns               ;
; N/A                                     ; 55.56 MHz ( period = 18.000 ns )                    ; needDelay       ; count_Voice[20] ; clk        ; clk      ; None                        ; None                      ; 13.500 ns               ;
; N/A                                     ; 55.56 MHz ( period = 18.000 ns )                    ; count_Voice[6]  ; count_Voice[20] ; clk        ; clk      ; None                        ; None                      ; 13.500 ns               ;
; N/A                                     ; 55.56 MHz ( period = 18.000 ns )                    ; state_Type[4]   ; count_Voice[20] ; clk        ; clk      ; None                        ; None                      ; 13.500 ns               ;
; N/A                                     ; 55.56 MHz ( period = 18.000 ns )                    ; state_Type[6]   ; count_Voice[20] ; clk        ; clk      ; None                        ; None                      ; 13.500 ns               ;
; N/A                                     ; 55.56 MHz ( period = 18.000 ns )                    ; state_Type[0]   ; count_Voice[20] ; clk        ; clk      ; None                        ; None                      ; 13.500 ns               ;
; N/A                                     ; 55.56 MHz ( period = 18.000 ns )                    ; state_Type[1]   ; count_Voice[20] ; clk        ; clk      ; None                        ; None                      ; 13.500 ns               ;
; N/A                                     ; 55.56 MHz ( period = 18.000 ns )                    ; state_Type[3]   ; count_Voice[20] ; clk        ; clk      ; None                        ; None                      ; 13.500 ns               ;
; N/A                                     ; 55.56 MHz ( period = 18.000 ns )                    ; state_Type[2]   ; count_Voice[20] ; clk        ; clk      ; None                        ; None                      ; 13.500 ns               ;
; N/A                                     ; 55.56 MHz ( period = 18.000 ns )                    ; count_Voice[5]  ; count_Voice[20] ; clk        ; clk      ; None                        ; None                      ; 13.500 ns               ;
; N/A                                     ; 55.56 MHz ( period = 18.000 ns )                    ; count_Voice[4]  ; count_Voice[20] ; clk        ; clk      ; None                        ; None                      ; 13.500 ns               ;
; N/A                                     ; 55.56 MHz ( period = 18.000 ns )                    ; count_Voice[3]  ; count_Voice[20] ; clk        ; clk      ; None                        ; None                      ; 13.500 ns               ;
; N/A                                     ; 55.56 MHz ( period = 18.000 ns )                    ; count_Voice[2]  ; count_Voice[20] ; clk        ; clk      ; None                        ; None                      ; 13.500 ns               ;
; N/A                                     ; 55.56 MHz ( period = 18.000 ns )                    ; count_Voice[1]  ; count_Voice[20] ; clk        ; clk      ; None                        ; None                      ; 13.500 ns               ;
; N/A                                     ; 55.56 MHz ( period = 18.000 ns )                    ; count_Voice[0]  ; count_Voice[20] ; clk        ; clk      ; None                        ; None                      ; 13.500 ns               ;
; N/A                                     ; 55.56 MHz ( period = 18.000 ns )                    ; count_Voice[10] ; count_Voice[20] ; clk        ; clk      ; None                        ; None                      ; 13.500 ns               ;
; N/A                                     ; 55.56 MHz ( period = 18.000 ns )                    ; state_Type[5]   ; count_Voice[20] ; clk        ; clk      ; None                        ; None                      ; 13.500 ns               ;
; N/A                                     ; 55.56 MHz ( period = 18.000 ns )                    ; count_Voice[7]  ; count_Voice[20] ; clk        ; clk      ; None                        ; None                      ; 13.500 ns               ;
; N/A                                     ; 55.56 MHz ( period = 18.000 ns )                    ; count_Voice[9]  ; count_Voice[20] ; clk        ; clk      ; None                        ; None                      ; 13.500 ns               ;
; N/A                                     ; 55.56 MHz ( period = 18.000 ns )                    ; count_Voice[8]  ; count_Voice[20] ; clk        ; clk      ; None                        ; None                      ; 13.500 ns               ;
; N/A                                     ; 55.56 MHz ( period = 18.000 ns )                    ; count_Voice[12] ; count_Voice[20] ; clk        ; clk      ; None                        ; None                      ; 13.500 ns               ;
; N/A                                     ; 55.56 MHz ( period = 18.000 ns )                    ; count_Voice[17] ; count_Voice[20] ; clk        ; clk      ; None                        ; None                      ; 13.500 ns               ;
; N/A                                     ; 55.56 MHz ( period = 18.000 ns )                    ; count_Voice[13] ; count_Voice[20] ; clk        ; clk      ; None                        ; None                      ; 13.500 ns               ;
; N/A                                     ; 55.56 MHz ( period = 18.000 ns )                    ; count_Voice[21] ; count_Voice[20] ; clk        ; clk      ; None                        ; None                      ; 13.500 ns               ;
; N/A                                     ; 55.56 MHz ( period = 18.000 ns )                    ; count_Voice[16] ; count_Voice[20] ; clk        ; clk      ; None                        ; None                      ; 13.500 ns               ;
; N/A                                     ; 55.56 MHz ( period = 18.000 ns )                    ; count_Voice[11] ; count_Voice[20] ; clk        ; clk      ; None                        ; None                      ; 13.500 ns               ;
; N/A                                     ; 55.56 MHz ( period = 18.000 ns )                    ; count_Voice[18] ; count_Voice[20] ; clk        ; clk      ; None                        ; None                      ; 13.500 ns               ;
; N/A                                     ; 55.56 MHz ( period = 18.000 ns )                    ; count_Voice[15] ; count_Voice[20] ; clk        ; clk      ; None                        ; None                      ; 13.500 ns               ;
; Timing analysis restricted to 200 rows. ; To change the limit use Settings (Assignments menu) ;                 ;                 ;            ;          ;                             ;                           ;                         ;
+-----------------------------------------+-----------------------------------------------------+-----------------+-----------------+------------+----------+-----------------------------+---------------------------+-------------------------+


+-------------------------------------------------------------------------+
; tco                                                                     ;
+-------+--------------+------------+--------------+---------+------------+
; Slack ; Required tco ; Actual tco ; From         ; To      ; From Clock ;
+-------+--------------+------------+--------------+---------+------------+
; N/A   ; None         ; 7.000 ns   ; HL[0]~reg0   ; HL[0]   ; clk        ;
; N/A   ; None         ; 7.000 ns   ; HL[1]~reg0   ; HL[1]   ; clk        ;
; N/A   ; None         ; 7.000 ns   ; mode[1]~reg0 ; mode[1] ; clk        ;
; N/A   ; None         ; 7.000 ns   ; mode[2]~reg0 ; mode[2] ; clk        ;
; N/A   ; None         ; 7.000 ns   ; mode[0]~reg0 ; mode[0] ; clk        ;
+-------+--------------+------------+--------------+---------+------------+


+--------------------------+
; Timing Analyzer Messages ;
+--------------------------+
Info: *******************************************************************
Info: Running Quartus II Classic Timing Analyzer
    Info: Version 9.1 Build 304 01/25/2010 Service Pack 1 SJ Web Edition
    Info: Processing started: Sat Mar 16 07:44:29 2024
Info: Command: quartus_tan --read_settings_files=off --write_settings_files=off playtone -c playtone
Info: Started post-fitting delay annotation
Info: Delay annotation completed successfully
Warning: Timing Analysis does not support the analysis of latches as synchronous elements for the currently selected device family
Warning: Found pins functioning as undefined clocks and/or memory enables
    Info: Assuming node "clk" is an undefined clock
Info: Clock "clk" has Internal fmax of 35.84 MHz between source register "count_Voice[14]" and destination register "count_Voice[16]" (period= 27.9 ns)
    Info: + Longest register to register delay is 23.400 ns
        Info: 1: + IC(0.000 ns) + CELL(0.000 ns) = 0.000 ns; Loc. = LC15; Fanout = 67; REG Node = 'count_Voice[14]'
        Info: 2: + IC(2.600 ns) + CELL(4.500 ns) = 7.100 ns; Loc. = LC42; Fanout = 13; COMB Node = 'Equal0~50'
        Info: 3: + IC(2.400 ns) + CELL(3.900 ns) = 13.400 ns; Loc. = SEXP33; Fanout = 1; COMB Node = 'lpm_add_sub:Add1|addcore:adder[2]|unreg_result[0]~2'
        Info: 4: + IC(0.000 ns) + CELL(4.500 ns) = 17.900 ns; Loc. = LC37; Fanout = 1; COMB Node = 'lpm_add_sub:Add1|addcore:adder[2]|unreg_result[0]~14'
        Info: 5: + IC(2.300 ns) + CELL(3.200 ns) = 23.400 ns; Loc. = LC26; Fanout = 86; REG Node = 'count_Voice[16]'
        Info: Total cell delay = 16.100 ns ( 68.80 % )
        Info: Total interconnect delay = 7.300 ns ( 31.20 % )
    Info: - Smallest clock skew is 0.000 ns
        Info: + Shortest clock path from clock "clk" to destination register is 3.600 ns
            Info: 1: + IC(0.000 ns) + CELL(2.300 ns) = 2.300 ns; Loc. = PIN_43; Fanout = 35; CLK Node = 'clk'
            Info: 2: + IC(0.000 ns) + CELL(1.300 ns) = 3.600 ns; Loc. = LC26; Fanout = 86; REG Node = 'count_Voice[16]'
            Info: Total cell delay = 3.600 ns ( 100.00 % )
        Info: - Longest clock path from clock "clk" to source register is 3.600 ns
            Info: 1: + IC(0.000 ns) + CELL(2.300 ns) = 2.300 ns; Loc. = PIN_43; Fanout = 35; CLK Node = 'clk'
            Info: 2: + IC(0.000 ns) + CELL(1.300 ns) = 3.600 ns; Loc. = LC15; Fanout = 67; REG Node = 'count_Voice[14]'
            Info: Total cell delay = 3.600 ns ( 100.00 % )
    Info: + Micro clock to output delay of source is 1.600 ns
    Info: + Micro setup delay of destination is 2.900 ns
Info: tco from clock "clk" to destination pin "HL[0]" through register "HL[0]~reg0" is 7.000 ns
    Info: + Longest clock path from clock "clk" to source register is 3.600 ns
        Info: 1: + IC(0.000 ns) + CELL(2.300 ns) = 2.300 ns; Loc. = PIN_43; Fanout = 35; CLK Node = 'clk'
        Info: 2: + IC(0.000 ns) + CELL(1.300 ns) = 3.600 ns; Loc. = LC14; Fanout = 1; REG Node = 'HL[0]~reg0'
        Info: Total cell delay = 3.600 ns ( 100.00 % )
    Info: + Micro clock to output delay of source is 1.600 ns
    Info: + Longest register to pin delay is 1.800 ns
        Info: 1: + IC(0.000 ns) + CELL(0.000 ns) = 0.000 ns; Loc. = LC14; Fanout = 1; REG Node = 'HL[0]~reg0'
        Info: 2: + IC(0.000 ns) + CELL(1.800 ns) = 1.800 ns; Loc. = PIN_5; Fanout = 0; PIN Node = 'HL[0]'
        Info: Total cell delay = 1.800 ns ( 100.00 % )
Info: Quartus II Classic Timing Analyzer was successful. 0 errors, 2 warnings
    Info: Peak virtual memory: 183 megabytes
    Info: Processing ended: Sat Mar 16 07:44:29 2024
    Info: Elapsed time: 00:00:00
    Info: Total CPU time (on all processors): 00:00:00


